[[1;34mINFO[m] Scanning for projects...
[[1;34mINFO[m] 
[[1;34mINFO[m] [1m------------< [0;36mio.github.hiwepy:qqwry-spring-boot-starter[0;1m >-------------[m
[[1;34mINFO[m] [1mBuilding io.github.hiwepy:qqwry-spring-boot-starter 2.3.x.20240823.RELEASE[m
[[1;34mINFO[m] [1m--------------------------------[ jar ]---------------------------------[m
[[1;34mINFO[m] 
[[1;34mINFO[m] [1m--- [0;32mmaven-clean-plugin:3.1.0:clean[m [1m(default-clean)[m @ [36mqqwry-spring-boot-starter[0;1m ---[m
[[1;34mINFO[m] Deleting /Users/wandl/workspaces/workspace-ddd4j/workspace-ddd4j-boot-starters/qqwry-spring-boot-starter/target
[[1;34mINFO[m] 
[[1;34mINFO[m] [1m--- [0;32mmaven-enforcer-plugin:3.0.0-M3:enforce[m [1m(default-cli)[m @ [36mqqwry-spring-boot-starter[0;1m ---[m
[[1;34mINFO[m] 
[[1;34mINFO[m] [1m--- [0;32mmaven-resources-plugin:3.1.0:resources[m [1m(default-resources)[m @ [36mqqwry-spring-boot-starter[0;1m ---[m
[[1;34mINFO[m] Using 'UTF-8' encoding to copy filtered resources.
[[1;34mINFO[m] Copying 0 resource
[[1;34mINFO[m] Copying 2 resources
[[1;34mINFO[m] 
[[1;34mINFO[m] [1m--- [0;32mmaven-compiler-plugin:3.8.1:compile[m [1m(default-compile)[m @ [36mqqwry-spring-boot-starter[0;1m ---[m
[[1;34mINFO[m] Changes detected - recompiling the module!
[[1;34mINFO[m] Compiling 4 source files to /Users/wandl/workspaces/workspace-ddd4j/workspace-ddd4j-boot-starters/qqwry-spring-boot-starter/target/classes
[[1;34mINFO[m] [1m------------------------------------------------------------------------[m
[[1;34mINFO[m] [1;31mBUILD FAILURE[m
[[1;34mINFO[m] [1m------------------------------------------------------------------------[m
[[1;34mINFO[m] Total time:  0.605 s
[[1;34mINFO[m] Finished at: 2026-03-16T14:10:15+08:00
[[1;34mINFO[m] [1m------------------------------------------------------------------------[m
[[1;31mERROR[m] Failed to execute goal [32morg.apache.maven.plugins:maven-compiler-plugin:3.8.1:compile[m [1m(default-compile)[m on project [36mqqwry-spring-boot-starter[m: [1;31mFatal error compiling[m: java.lang.IllegalAccessError: class lombok.javac.apt.LombokProcessor (in unnamed module @0x34be065a) cannot access class com.sun.tools.javac.processing.JavacProcessingEnvironment (in module jdk.compiler) because module jdk.compiler does not export com.sun.tools.javac.processing to unnamed module @0x34be065a -> [1m[Help 1][m
[[1;31mERROR[m] 
[[1;31mERROR[m] To see the full stack trace of the errors, re-run Maven with the [1m-e[m switch.
[[1;31mERROR[m] Re-run Maven using the [1m-X[m switch to enable full debug logging.
[[1;31mERROR[m] 
[[1;31mERROR[m] For more information about the errors and possible solutions, please read the following articles:
[[1;31mERROR[m] [1m[Help 1][m http://cwiki.apache.org/confluence/display/MAVEN/MojoExecutionException
[qqwry-spring-boot-starter/2.3.x] 失败 - 查看日志
[[1;34mINFO[m] Scanning for projects...
[[1;34mINFO[m] 
[[1;34mINFO[m] [1m------------< [0;36mio.github.hiwepy:qqwry-spring-boot-starter[0;1m >-------------[m
[[1;34mINFO[m] [1mBuilding io.github.hiwepy:qqwry-spring-boot-starter 2.7.x.20240823.RELEASE[m
[[1;34mINFO[m] [1m--------------------------------[ jar ]---------------------------------[m
[[1;34mINFO[m] 
[[1;34mINFO[m] [1m--- [0;32mmaven-clean-plugin:3.2.0:clean[m [1m(default-clean)[m @ [36mqqwry-spring-boot-starter[0;1m ---[m
[[1;34mINFO[m] Deleting /Users/wandl/workspaces/workspace-ddd4j/workspace-ddd4j-boot-starters/qqwry-spring-boot-starter/target
[[1;34mINFO[m] 
[[1;34mINFO[m] [1m--- [0;32mmaven-enforcer-plugin:3.0.0:enforce[m [1m(default-cli)[m @ [36mqqwry-spring-boot-starter[0;1m ---[m
[[1;34mINFO[m] 
[[1;34mINFO[m] [1m--- [0;32mmaven-resources-plugin:3.1.0:resources[m [1m(default-resources)[m @ [36mqqwry-spring-boot-starter[0;1m ---[m
[[1;34mINFO[m] Using 'UTF-8' encoding to copy filtered resources.
[[1;34mINFO[m] Copying 0 resource
[[1;34mINFO[m] Copying 2 resources
[[1;34mINFO[m] 
[[1;34mINFO[m] [1m--- [0;32mmaven-compiler-plugin:3.10.1:compile[m [1m(default-compile)[m @ [36mqqwry-spring-boot-starter[0;1m ---[m
[[1;34mINFO[m] Changes detected - recompiling the module!
[[1;34mINFO[m] Compiling 4 source files to /Users/wandl/workspaces/workspace-ddd4j/workspace-ddd4j-boot-starters/qqwry-spring-boot-starter/target/classes
[[1;34mINFO[m] 
[[1;34mINFO[m] [1m--- [0;32mmaven-resources-plugin:3.1.0:testResources[m [1m(default-testResources)[m @ [36mqqwry-spring-boot-starter[0;1m ---[m
[[1;34mINFO[m] Not copying test resources
[[1;34mINFO[m] 
[[1;34mINFO[m] [1m--- [0;32mmaven-compiler-plugin:3.10.1:testCompile[m [1m(default-testCompile)[m @ [36mqqwry-spring-boot-starter[0;1m ---[m
[[1;34mINFO[m] Not compiling test sources
[[1;34mINFO[m] 
[[1;34mINFO[m] [1m--- [0;32mmaven-surefire-plugin:2.22.1:test[m [1m(default-test)[m @ [36mqqwry-spring-boot-starter[0;1m ---[m
[[1;34mINFO[m] Tests are skipped.
[[1;34mINFO[m] 
[[1;34mINFO[m] [1m--- [0;32mmaven-jar-plugin:3.1.1:jar[m [1m(default-jar)[m @ [36mqqwry-spring-boot-starter[0;1m ---[m
[[1;34mINFO[m] Building jar: /Users/wandl/workspaces/workspace-ddd4j/workspace-ddd4j-boot-starters/qqwry-spring-boot-starter/target/qqwry-spring-boot-starter-2.7.x.20240823.RELEASE.jar
[[1;34mINFO[m] 
[[1;34mINFO[m] [1m--- [0;32mmaven-source-plugin:3.2.1:jar-no-fork[m [1m(attach-sources)[m @ [36mqqwry-spring-boot-starter[0;1m ---[m
[[1;34mINFO[m] Building jar: /Users/wandl/workspaces/workspace-ddd4j/workspace-ddd4j-boot-starters/qqwry-spring-boot-starter/target/qqwry-spring-boot-starter-2.7.x.20240823.RELEASE-sources.jar
[[1;34mINFO[m] 
[[1;34mINFO[m] [1m--- [0;32mmaven-install-plugin:2.5.2:install[m [1m(default-install)[m @ [36mqqwry-spring-boot-starter[0;1m ---[m
[[1;34mINFO[m] Installing /Users/wandl/workspaces/workspace-ddd4j/workspace-ddd4j-boot-starters/qqwry-spring-boot-starter/target/qqwry-spring-boot-starter-2.7.x.20240823.RELEASE.jar to /Users/wandl/.m2/repository/com/github/hiwepy/qqwry-spring-boot-starter/2.7.x.20240823.RELEASE/qqwry-spring-boot-starter-2.7.x.20240823.RELEASE.jar
[[1;34mINFO[m] Installing /Users/wandl/workspaces/workspace-ddd4j/workspace-ddd4j-boot-starters/qqwry-spring-boot-starter/pom.xml to /Users/wandl/.m2/repository/com/github/hiwepy/qqwry-spring-boot-starter/2.7.x.20240823.RELEASE/qqwry-spring-boot-starter-2.7.x.20240823.RELEASE.pom
[[1;34mINFO[m] Installing /Users/wandl/workspaces/workspace-ddd4j/workspace-ddd4j-boot-starters/qqwry-spring-boot-starter/target/qqwry-spring-boot-starter-2.7.x.20240823.RELEASE-sources.jar to /Users/wandl/.m2/repository/com/github/hiwepy/qqwry-spring-boot-starter/2.7.x.20240823.RELEASE/qqwry-spring-boot-starter-2.7.x.20240823.RELEASE-sources.jar
[[1;34mINFO[m] 
[[1;34mINFO[m] [1m--- [0;32mmaven-deploy-plugin:2.8.2:deploy[m [1m(default-deploy)[m @ [36mqqwry-spring-boot-starter[0;1m ---[m
[[1;34mINFO[m] Using alternate deployment repository maven-releases::default::https://packages.aliyun.com/5fdc0afd99b59ba3c5ead757/maven/maven-releases
Uploading to maven-releases: https://packages.aliyun.com/5fdc0afd99b59ba3c5ead757/maven/maven-releases/com/github/hiwepy/qqwry-spring-boot-starter/2.7.x.20240823.RELEASE/qqwry-spring-boot-starter-2.7.x.20240823.RELEASE.jar
Progress (1): 0.1/5.4 MB
Progress (1): 0.1/5.4 MB
Progress (1): 0.2/5.4 MB
Progress (1): 0.2/5.4 MB
Progress (1): 0.3/5.4 MB
Progress (1): 0.3/5.4 MB
Progress (1): 0.4/5.4 MB
Progress (1): 0.4/5.4 MB
Progress (1): 0.5/5.4 MB
Progress (1): 0.5/5.4 MB
Progress (1): 0.6/5.4 MB
Progress (1): 0.6/5.4 MB
Progress (1): 0.7/5.4 MB
Progress (1): 0.7/5.4 MB
Progress (1): 0.8/5.4 MB
Progress (1): 0.9/5.4 MB
Progress (1): 0.9/5.4 MB
Progress (1): 1.0/5.4 MB
Progress (1): 1.0/5.4 MB
Progress (1): 1.1/5.4 MB
Progress (1): 1.1/5.4 MB
Progress (1): 1.2/5.4 MB
Progress (1): 1.2/5.4 MB
Progress (1): 1.3/5.4 MB
Progress (1): 1.3/5.4 MB
Progress (1): 1.4/5.4 MB
Progress (1): 1.4/5.4 MB
Progress (1): 1.5/5.4 MB
Progress (1): 1.5/5.4 MB
Progress (1): 1.6/5.4 MB
Progress (1): 1.7/5.4 MB
Progress (1): 1.7/5.4 MB
Progress (1): 1.8/5.4 MB
Progress (1): 1.8/5.4 MB
Progress (1): 1.9/5.4 MB
Progress (1): 1.9/5.4 MB
Progress (1): 2.0/5.4 MB
Progress (1): 2.0/5.4 MB
Progress (1): 2.1/5.4 MB
Progress (1): 2.1/5.4 MB
Progress (1): 2.2/5.4 MB
Progress (1): 2.2/5.4 MB
Progress (1): 2.3/5.4 MB
Progress (1): 2.3/5.4 MB
Progress (1): 2.4/5.4 MB
Progress (1): 2.4/5.4 MB
Progress (1): 2.5/5.4 MB
Progress (1): 2.6/5.4 MB
Progress (1): 2.6/5.4 MB
Progress (1): 2.7/5.4 MB
Progress (1): 2.7/5.4 MB
Progress (1): 2.8/5.4 MB
Progress (1): 2.8/5.4 MB
Progress (1): 2.9/5.4 MB
Progress (1): 2.9/5.4 MB
Progress (1): 3.0/5.4 MB
Progress (1): 3.0/5.4 MB
Progress (1): 3.1/5.4 MB
Progress (1): 3.1/5.4 MB
Progress (1): 3.2/5.4 MB
Progress (1): 3.2/5.4 MB
Progress (1): 3.3/5.4 MB
Progress (1): 3.4/5.4 MB
Progress (1): 3.4/5.4 MB
Progress (1): 3.5/5.4 MB
Progress (1): 3.5/5.4 MB
Progress (1): 3.6/5.4 MB
Progress (1): 3.6/5.4 MB
Progress (1): 3.7/5.4 MB
Progress (1): 3.7/5.4 MB
Progress (1): 3.8/5.4 MB
Progress (1): 3.8/5.4 MB
Progress (1): 3.9/5.4 MB
Progress (1): 3.9/5.4 MB
Progress (1): 4.0/5.4 MB
Progress (1): 4.0/5.4 MB
Progress (1): 4.1/5.4 MB
Progress (1): 4.2/5.4 MB
Progress (1): 4.2/5.4 MB
Progress (1): 4.3/5.4 MB
Progress (1): 4.3/5.4 MB
Progress (1): 4.4/5.4 MB
Progress (1): 4.4/5.4 MB
Progress (1): 4.5/5.4 MB
Progress (1): 4.5/5.4 MB
Progress (1): 4.6/5.4 MB
Progress (1): 4.6/5.4 MB
Progress (1): 4.7/5.4 MB
Progress (1): 4.7/5.4 MB
Progress (1): 4.8/5.4 MB
Progress (1): 4.8/5.4 MB
Progress (1): 4.9/5.4 MB
Progress (1): 5.0/5.4 MB
Progress (1): 5.0/5.4 MB
Progress (1): 5.1/5.4 MB
Progress (1): 5.1/5.4 MB
Progress (1): 5.2/5.4 MB
Progress (1): 5.2/5.4 MB
Progress (1): 5.3/5.4 MB
Progress (1): 5.3/5.4 MB
Progress (1): 5.4/5.4 MB
Progress (1): 5.4 MB    
                    
Uploaded to maven-releases: https://packages.aliyun.com/5fdc0afd99b59ba3c5ead757/maven/maven-releases/com/github/hiwepy/qqwry-spring-boot-starter/2.7.x.20240823.RELEASE/qqwry-spring-boot-starter-2.7.x.20240823.RELEASE.jar (5.4 MB at 2.1 MB/s)
Uploading to maven-releases: https://packages.aliyun.com/5fdc0afd99b59ba3c5ead757/maven/maven-releases/com/github/hiwepy/qqwry-spring-boot-starter/2.7.x.20240823.RELEASE/qqwry-spring-boot-starter-2.7.x.20240823.RELEASE.pom
Progress (1): 4.1/17 kB
Progress (1): 8.2/17 kB
Progress (1): 12/17 kB 
Progress (1): 16/17 kB
Progress (1): 17 kB   
                   
Uploaded to maven-releases: https://packages.aliyun.com/5fdc0afd99b59ba3c5ead757/maven/maven-releases/com/github/hiwepy/qqwry-spring-boot-starter/2.7.x.20240823.RELEASE/qqwry-spring-boot-starter-2.7.x.20240823.RELEASE.pom (17 kB at 16 kB/s)
Downloading from maven-releases: https://packages.aliyun.com/5fdc0afd99b59ba3c5ead757/maven/maven-releases/com/github/hiwepy/qqwry-spring-boot-starter/maven-metadata.xml
Uploading to maven-releases: https://packages.aliyun.com/5fdc0afd99b59ba3c5ead757/maven/maven-releases/com/github/hiwepy/qqwry-spring-boot-starter/maven-metadata.xml
Progress (1): 356 B
                   
Uploaded to maven-releases: https://packages.aliyun.com/5fdc0afd99b59ba3c5ead757/maven/maven-releases/com/github/hiwepy/qqwry-spring-boot-starter/maven-metadata.xml (356 B at 335 B/s)
Uploading to maven-releases: https://packages.aliyun.com/5fdc0afd99b59ba3c5ead757/maven/maven-releases/com/github/hiwepy/qqwry-spring-boot-starter/2.7.x.20240823.RELEASE/qqwry-spring-boot-starter-2.7.x.20240823.RELEASE-sources.jar
Progress (1): 0.1/5.4 MB
Progress (1): 0.1/5.4 MB
Progress (1): 0.2/5.4 MB
Progress (1): 0.2/5.4 MB
Progress (1): 0.3/5.4 MB
Progress (1): 0.3/5.4 MB
Progress (1): 0.4/5.4 MB
Progress (1): 0.4/5.4 MB
Progress (1): 0.5/5.4 MB
Progress (1): 0.5/5.4 MB
Progress (1): 0.6/5.4 MB
Progress (1): 0.6/5.4 MB
Progress (1): 0.7/5.4 MB
Progress (1): 0.7/5.4 MB
Progress (1): 0.8/5.4 MB
Progress (1): 0.9/5.4 MB
Progress (1): 0.9/5.4 MB
Progress (1): 1.0/5.4 MB
Progress (1): 1.0/5.4 MB
Progress (1): 1.1/5.4 MB
Progress (1): 1.1/5.4 MB
Progress (1): 1.2/5.4 MB
Progress (1): 1.2/5.4 MB
Progress (1): 1.3/5.4 MB
Progress (1): 1.3/5.4 MB
Progress (1): 1.4/5.4 MB
Progress (1): 1.4/5.4 MB
Progress (1): 1.5/5.4 MB
Progress (1): 1.5/5.4 MB
Progress (1): 1.6/5.4 MB
Progress (1): 1.7/5.4 MB
Progress (1): 1.7/5.4 MB
Progress (1): 1.8/5.4 MB
Progress (1): 1.8/5.4 MB
Progress (1): 1.9/5.4 MB
Progress (1): 1.9/5.4 MB
Progress (1): 2.0/5.4 MB
Progress (1): 2.0/5.4 MB
Progress (1): 2.1/5.4 MB
Progress (1): 2.1/5.4 MB
Progress (1): 2.2/5.4 MB
Progress (1): 2.2/5.4 MB
Progress (1): 2.3/5.4 MB
Progress (1): 2.3/5.4 MB
Progress (1): 2.4/5.4 MB
Progress (1): 2.4/5.4 MB
Progress (1): 2.5/5.4 MB
Progress (1): 2.6/5.4 MB
Progress (1): 2.6/5.4 MB
Progress (1): 2.7/5.4 MB
Progress (1): 2.7/5.4 MB
Progress (1): 2.8/5.4 MB
Progress (1): 2.8/5.4 MB
Progress (1): 2.9/5.4 MB
Progress (1): 2.9/5.4 MB
Progress (1): 3.0/5.4 MB
Progress (1): 3.0/5.4 MB
Progress (1): 3.1/5.4 MB
Progress (1): 3.1/5.4 MB
Progress (1): 3.2/5.4 MB
Progress (1): 3.2/5.4 MB
Progress (1): 3.3/5.4 MB
Progress (1): 3.4/5.4 MB
Progress (1): 3.4/5.4 MB
Progress (1): 3.5/5.4 MB
Progress (1): 3.5/5.4 MB
Progress (1): 3.6/5.4 MB
Progress (1): 3.6/5.4 MB
Progress (1): 3.7/5.4 MB
Progress (1): 3.7/5.4 MB
Progress (1): 3.8/5.4 MB
Progress (1): 3.8/5.4 MB
Progress (1): 3.9/5.4 MB
Progress (1): 3.9/5.4 MB
Progress (1): 4.0/5.4 MB
Progress (1): 4.0/5.4 MB
Progress (1): 4.1/5.4 MB
Progress (1): 4.2/5.4 MB
Progress (1): 4.2/5.4 MB
Progress (1): 4.3/5.4 MB
Progress (1): 4.3/5.4 MB
Progress (1): 4.4/5.4 MB
Progress (1): 4.4/5.4 MB
Progress (1): 4.5/5.4 MB
Progress (1): 4.5/5.4 MB
Progress (1): 4.6/5.4 MB
Progress (1): 4.6/5.4 MB
Progress (1): 4.7/5.4 MB
Progress (1): 4.7/5.4 MB
Progress (1): 4.8/5.4 MB
Progress (1): 4.8/5.4 MB
Progress (1): 4.9/5.4 MB
Progress (1): 5.0/5.4 MB
Progress (1): 5.0/5.4 MB
Progress (1): 5.1/5.4 MB
Progress (1): 5.1/5.4 MB
Progress (1): 5.2/5.4 MB
Progress (1): 5.2/5.4 MB
Progress (1): 5.3/5.4 MB
Progress (1): 5.3/5.4 MB
Progress (1): 5.4/5.4 MB
Progress (1): 5.4 MB    
                    
Uploaded to maven-releases: https://packages.aliyun.com/5fdc0afd99b59ba3c5ead757/maven/maven-releases/com/github/hiwepy/qqwry-spring-boot-starter/2.7.x.20240823.RELEASE/qqwry-spring-boot-starter-2.7.x.20240823.RELEASE-sources.jar (5.4 MB at 2.4 MB/s)
[[1;34mINFO[m] [1m------------------------------------------------------------------------[m
[[1;34mINFO[m] [1;32mBUILD SUCCESS[m
[[1;34mINFO[m] [1m------------------------------------------------------------------------[m
[[1;34mINFO[m] Total time:  8.934 s
[[1;34mINFO[m] Finished at: 2026-03-16T14:10:24+08:00
[[1;34mINFO[m] [1m------------------------------------------------------------------------[m
[qqwry-spring-boot-starter/2.7.x] 成功
[[1;34mINFO[m] Scanning for projects...
[[1;34mINFO[m] 
[[1;34mINFO[m] [1m------------< [0;36mio.github.hiwepy:qqwry-spring-boot-starter[0;1m >-------------[m
[[1;34mINFO[m] [1mBuilding io.github.hiwepy:qqwry-spring-boot-starter 3.0.x.20251227-SNAPSHOT[m
[[1;34mINFO[m] [1m--------------------------------[ jar ]---------------------------------[m
[[1;34mINFO[m] 
[[1;34mINFO[m] [1m--- [0;32mmaven-clean-plugin:3.4.0:clean[m [1m(default-clean)[m @ [36mqqwry-spring-boot-starter[0;1m ---[m
[[1;34mINFO[m] Deleting /Users/wandl/workspaces/workspace-ddd4j/workspace-ddd4j-boot-starters/qqwry-spring-boot-starter/target
[[1;34mINFO[m] 
[[1;34mINFO[m] [1m--- [0;32mmaven-enforcer-plugin:3.5.0:enforce[m [1m(default-cli)[m @ [36mqqwry-spring-boot-starter[0;1m ---[m
[[1;34mINFO[m] Rule 1: org.apache.maven.enforcer.rules.version.RequireJavaVersion passed
[[1;34mINFO[m] [1m------------------------------------------------------------------------[m
[[1;34mINFO[m] [1;31mBUILD FAILURE[m
[[1;34mINFO[m] [1m------------------------------------------------------------------------[m
[[1;34mINFO[m] Total time:  0.306 s
[[1;34mINFO[m] Finished at: 2026-03-16T14:10:25+08:00
[[1;34mINFO[m] [1m------------------------------------------------------------------------[m
[[1;31mERROR[m] Failed to execute goal [32morg.apache.maven.plugins:maven-enforcer-plugin:3.5.0:enforce[m [1m(default-cli)[m on project [36mqqwry-spring-boot-starter[m: [1;31m[m
[[1;31mERROR[m] [1;31mRule 0: org.apache.maven.enforcer.rules.version.RequireMavenVersion failed with message:[m
[[1;31mERROR[m] [1;31mYou are running an older version of Maven. This application requires at least Maven 3.9.9.[m
[[1;31mERROR[m] -> [1m[Help 1][m
[[1;31mERROR[m] 
[[1;31mERROR[m] To see the full stack trace of the errors, re-run Maven with the [1m-e[m switch.
[[1;31mERROR[m] Re-run Maven using the [1m-X[m switch to enable full debug logging.
[[1;31mERROR[m] 
[[1;31mERROR[m] For more information about the errors and possible solutions, please read the following articles:
[[1;31mERROR[m] [1m[Help 1][m http://cwiki.apache.org/confluence/display/MAVEN/MojoExecutionException
[qqwry-spring-boot-starter/3.0.x] 失败 - 查看日志
[[1;34mINFO[m] Scanning for projects...
[[1;34mINFO[m] 
[[1;34mINFO[m] [1m------------< [0;36mio.github.hiwepy:qqwry-spring-boot-starter[0;1m >-------------[m
[[1;34mINFO[m] [1mBuilding io.github.hiwepy:qqwry-spring-boot-starter 3.1.x.20251227-SNAPSHOT[m
[[1;34mINFO[m] [1m--------------------------------[ jar ]---------------------------------[m
[[1;34mINFO[m] 
[[1;34mINFO[m] [1m--- [0;32mmaven-clean-plugin:3.4.0:clean[m [1m(default-clean)[m @ [36mqqwry-spring-boot-starter[0;1m ---[m
[[1;34mINFO[m] 
[[1;34mINFO[m] [1m--- [0;32mmaven-enforcer-plugin:3.5.0:enforce[m [1m(default-cli)[m @ [36mqqwry-spring-boot-starter[0;1m ---[m
[[1;34mINFO[m] Rule 1: org.apache.maven.enforcer.rules.version.RequireJavaVersion passed
[[1;34mINFO[m] [1m------------------------------------------------------------------------[m
[[1;34mINFO[m] [1;31mBUILD FAILURE[m
[[1;34mINFO[m] [1m------------------------------------------------------------------------[m
[[1;34mINFO[m] Total time:  0.265 s
[[1;34mINFO[m] Finished at: 2026-03-16T14:10:26+08:00
[[1;34mINFO[m] [1m------------------------------------------------------------------------[m
[[1;31mERROR[m] Failed to execute goal [32morg.apache.maven.plugins:maven-enforcer-plugin:3.5.0:enforce[m [1m(default-cli)[m on project [36mqqwry-spring-boot-starter[m: [1;31m[m
[[1;31mERROR[m] [1;31mRule 0: org.apache.maven.enforcer.rules.version.RequireMavenVersion failed with message:[m
[[1;31mERROR[m] [1;31mYou are running an older version of Maven. This application requires at least Maven 3.9.9.[m
[[1;31mERROR[m] -> [1m[Help 1][m
[[1;31mERROR[m] 
[[1;31mERROR[m] To see the full stack trace of the errors, re-run Maven with the [1m-e[m switch.
[[1;31mERROR[m] Re-run Maven using the [1m-X[m switch to enable full debug logging.
[[1;31mERROR[m] 
[[1;31mERROR[m] For more information about the errors and possible solutions, please read the following articles:
[[1;31mERROR[m] [1m[Help 1][m http://cwiki.apache.org/confluence/display/MAVEN/MojoExecutionException
[qqwry-spring-boot-starter/3.1.x] 失败 - 查看日志
[[1;34mINFO[m] Scanning for projects...
[[1;34mINFO[m] 
[[1;34mINFO[m] [1m------------< [0;36mio.github.hiwepy:qqwry-spring-boot-starter[0;1m >-------------[m
[[1;34mINFO[m] [1mBuilding io.github.hiwepy:qqwry-spring-boot-starter 3.2.x.20251227-SNAPSHOT[m
[[1;34mINFO[m] [1m--------------------------------[ jar ]---------------------------------[m
[[1;34mINFO[m] 
[[1;34mINFO[m] [1m--- [0;32mmaven-clean-plugin:3.4.0:clean[m [1m(default-clean)[m @ [36mqqwry-spring-boot-starter[0;1m ---[m
[[1;34mINFO[m] 
[[1;34mINFO[m] [1m--- [0;32mmaven-enforcer-plugin:3.5.0:enforce[m [1m(default-cli)[m @ [36mqqwry-spring-boot-starter[0;1m ---[m
[[1;34mINFO[m] Rule 1: org.apache.maven.enforcer.rules.version.RequireJavaVersion passed
[[1;34mINFO[m] [1m------------------------------------------------------------------------[m
[[1;34mINFO[m] [1;31mBUILD FAILURE[m
[[1;34mINFO[m] [1m------------------------------------------------------------------------[m
[[1;34mINFO[m] Total time:  0.266 s
[[1;34mINFO[m] Finished at: 2026-03-16T14:10:26+08:00
[[1;34mINFO[m] [1m------------------------------------------------------------------------[m
[[1;31mERROR[m] Failed to execute goal [32morg.apache.maven.plugins:maven-enforcer-plugin:3.5.0:enforce[m [1m(default-cli)[m on project [36mqqwry-spring-boot-starter[m: [1;31m[m
[[1;31mERROR[m] [1;31mRule 0: org.apache.maven.enforcer.rules.version.RequireMavenVersion failed with message:[m
[[1;31mERROR[m] [1;31mYou are running an older version of Maven. This application requires at least Maven 3.9.9.[m
[[1;31mERROR[m] -> [1m[Help 1][m
[[1;31mERROR[m] 
[[1;31mERROR[m] To see the full stack trace of the errors, re-run Maven with the [1m-e[m switch.
[[1;31mERROR[m] Re-run Maven using the [1m-X[m switch to enable full debug logging.
[[1;31mERROR[m] 
[[1;31mERROR[m] For more information about the errors and possible solutions, please read the following articles:
[[1;31mERROR[m] [1m[Help 1][m http://cwiki.apache.org/confluence/display/MAVEN/MojoExecutionException
[qqwry-spring-boot-starter/3.2.x] 失败 - 查看日志
[[1;34mINFO[m] Scanning for projects...
[[1;34mINFO[m] 
[[1;34mINFO[m] [1m------------< [0;36mio.github.hiwepy:qqwry-spring-boot-starter[0;1m >-------------[m
[[1;34mINFO[m] [1mBuilding io.github.hiwepy:qqwry-spring-boot-starter 3.3.x.20251227-SNAPSHOT[m
[[1;34mINFO[m] [1m--------------------------------[ jar ]---------------------------------[m
[[1;34mINFO[m] 
[[1;34mINFO[m] [1m--- [0;32mmaven-clean-plugin:3.4.0:clean[m [1m(default-clean)[m @ [36mqqwry-spring-boot-starter[0;1m ---[m
[[1;34mINFO[m] 
[[1;34mINFO[m] [1m--- [0;32mmaven-enforcer-plugin:3.5.0:enforce[m [1m(default-cli)[m @ [36mqqwry-spring-boot-starter[0;1m ---[m
[[1;34mINFO[m] Rule 1: org.apache.maven.enforcer.rules.version.RequireJavaVersion passed
[[1;34mINFO[m] [1m------------------------------------------------------------------------[m
[[1;34mINFO[m] [1;31mBUILD FAILURE[m
[[1;34mINFO[m] [1m------------------------------------------------------------------------[m
[[1;34mINFO[m] Total time:  0.263 s
[[1;34mINFO[m] Finished at: 2026-03-16T14:10:27+08:00
[[1;34mINFO[m] [1m------------------------------------------------------------------------[m
[[1;31mERROR[m] Failed to execute goal [32morg.apache.maven.plugins:maven-enforcer-plugin:3.5.0:enforce[m [1m(default-cli)[m on project [36mqqwry-spring-boot-starter[m: [1;31m[m
[[1;31mERROR[m] [1;31mRule 0: org.apache.maven.enforcer.rules.version.RequireMavenVersion failed with message:[m
[[1;31mERROR[m] [1;31mYou are running an older version of Maven. This application requires at least Maven 3.9.9.[m
[[1;31mERROR[m] -> [1m[Help 1][m
[[1;31mERROR[m] 
[[1;31mERROR[m] To see the full stack trace of the errors, re-run Maven with the [1m-e[m switch.
[[1;31mERROR[m] Re-run Maven using the [1m-X[m switch to enable full debug logging.
[[1;31mERROR[m] 
[[1;31mERROR[m] For more information about the errors and possible solutions, please read the following articles:
[[1;31mERROR[m] [1m[Help 1][m http://cwiki.apache.org/confluence/display/MAVEN/MojoExecutionException
[qqwry-spring-boot-starter/3.3.x] 失败 - 查看日志
[[1;34mINFO[m] Scanning for projects...
[[1;34mINFO[m] 
[[1;34mINFO[m] [1m------------< [0;36mio.github.hiwepy:qqwry-spring-boot-starter[0;1m >-------------[m
[[1;34mINFO[m] [1mBuilding io.github.hiwepy:qqwry-spring-boot-starter 3.4.x.20251227-SNAPSHOT[m
[[1;34mINFO[m] [1m--------------------------------[ jar ]---------------------------------[m
[[1;34mINFO[m] 
[[1;34mINFO[m] [1m--- [0;32mmaven-clean-plugin:3.4.0:clean[m [1m(default-clean)[m @ [36mqqwry-spring-boot-starter[0;1m ---[m
[[1;34mINFO[m] 
[[1;34mINFO[m] [1m--- [0;32mmaven-enforcer-plugin:3.5.0:enforce[m [1m(default-cli)[m @ [36mqqwry-spring-boot-starter[0;1m ---[m
[[1;34mINFO[m] Rule 1: org.apache.maven.enforcer.rules.version.RequireJavaVersion passed
[[1;34mINFO[m] [1m------------------------------------------------------------------------[m
[[1;34mINFO[m] [1;31mBUILD FAILURE[m
[[1;34mINFO[m] [1m------------------------------------------------------------------------[m
[[1;34mINFO[m] Total time:  0.278 s
[[1;34mINFO[m] Finished at: 2026-03-16T14:10:28+08:00
[[1;34mINFO[m] [1m------------------------------------------------------------------------[m
[[1;31mERROR[m] Failed to execute goal [32morg.apache.maven.plugins:maven-enforcer-plugin:3.5.0:enforce[m [1m(default-cli)[m on project [36mqqwry-spring-boot-starter[m: [1;31m[m
[[1;31mERROR[m] [1;31mRule 0: org.apache.maven.enforcer.rules.version.RequireMavenVersion failed with message:[m
[[1;31mERROR[m] [1;31mYou are running an older version of Maven. This application requires at least Maven 3.9.9.[m
[[1;31mERROR[m] -> [1m[Help 1][m
[[1;31mERROR[m] 
[[1;31mERROR[m] To see the full stack trace of the errors, re-run Maven with the [1m-e[m switch.
[[1;31mERROR[m] Re-run Maven using the [1m-X[m switch to enable full debug logging.
[[1;31mERROR[m] 
[[1;31mERROR[m] For more information about the errors and possible solutions, please read the following articles:
[[1;31mERROR[m] [1m[Help 1][m http://cwiki.apache.org/confluence/display/MAVEN/MojoExecutionException
[qqwry-spring-boot-starter/3.4.x] 失败 - 查看日志
[[1;34mINFO[m] Scanning for projects...
[[1;34mINFO[m] 
[[1;34mINFO[m] [1m------------< [0;36mio.github.hiwepy:qqwry-spring-boot-starter[0;1m >-------------[m
[[1;34mINFO[m] [1mBuilding io.github.hiwepy:qqwry-spring-boot-starter 3.5.x.20251227-SNAPSHOT[m
[[1;34mINFO[m] [1m--------------------------------[ jar ]---------------------------------[m
[[1;34mINFO[m] 
[[1;34mINFO[m] [1m--- [0;32mmaven-clean-plugin:3.4.0:clean[m [1m(default-clean)[m @ [36mqqwry-spring-boot-starter[0;1m ---[m
[[1;34mINFO[m] 
[[1;34mINFO[m] [1m--- [0;32mmaven-enforcer-plugin:3.5.0:enforce[m [1m(default-cli)[m @ [36mqqwry-spring-boot-starter[0;1m ---[m
[[1;34mINFO[m] Rule 1: org.apache.maven.enforcer.rules.version.RequireJavaVersion passed
[[1;34mINFO[m] [1m------------------------------------------------------------------------[m
[[1;34mINFO[m] [1;31mBUILD FAILURE[m
[[1;34mINFO[m] [1m------------------------------------------------------------------------[m
[[1;34mINFO[m] Total time:  0.251 s
[[1;34mINFO[m] Finished at: 2026-03-16T14:10:28+08:00
[[1;34mINFO[m] [1m------------------------------------------------------------------------[m
[[1;31mERROR[m] Failed to execute goal [32morg.apache.maven.plugins:maven-enforcer-plugin:3.5.0:enforce[m [1m(default-cli)[m on project [36mqqwry-spring-boot-starter[m: [1;31m[m
[[1;31mERROR[m] [1;31mRule 0: org.apache.maven.enforcer.rules.version.RequireMavenVersion failed with message:[m
[[1;31mERROR[m] [1;31mYou are running an older version of Maven. This application requires at least Maven 3.9.9.[m
[[1;31mERROR[m] -> [1m[Help 1][m
[[1;31mERROR[m] 
[[1;31mERROR[m] To see the full stack trace of the errors, re-run Maven with the [1m-e[m switch.
[[1;31mERROR[m] Re-run Maven using the [1m-X[m switch to enable full debug logging.
[[1;31mERROR[m] 
[[1;31mERROR[m] For more information about the errors and possible solutions, please read the following articles:
[[1;31mERROR[m] [1m[Help 1][m http://cwiki.apache.org/confluence/display/MAVEN/MojoExecutionException
[qqwry-spring-boot-starter/3.5.x] 失败 - 查看日志
[[1;34mINFO[m] Scanning for projects...
[[1;34mINFO[m] 
[[1;34mINFO[m] [1m------------< [0;36mio.github.hiwepy:qqwry-spring-boot-starter[0;1m >-------------[m
[[1;34mINFO[m] [1mBuilding io.github.hiwepy:qqwry-spring-boot-starter 4.0.x.20251227-SNAPSHOT[m
[[1;34mINFO[m] [1m--------------------------------[ jar ]---------------------------------[m
[[1;34mINFO[m] 
[[1;34mINFO[m] [1m--- [0;32mmaven-clean-plugin:3.4.0:clean[m [1m(default-clean)[m @ [36mqqwry-spring-boot-starter[0;1m ---[m
[[1;34mINFO[m] 
[[1;34mINFO[m] [1m--- [0;32mmaven-enforcer-plugin:3.5.0:enforce[m [1m(default-cli)[m @ [36mqqwry-spring-boot-starter[0;1m ---[m
[[1;34mINFO[m] Rule 1: org.apache.maven.enforcer.rules.version.RequireJavaVersion passed
[[1;34mINFO[m] [1m------------------------------------------------------------------------[m
[[1;34mINFO[m] [1;31mBUILD FAILURE[m
[[1;34mINFO[m] [1m------------------------------------------------------------------------[m
[[1;34mINFO[m] Total time:  0.267 s
[[1;34mINFO[m] Finished at: 2026-03-16T14:10:29+08:00
[[1;34mINFO[m] [1m------------------------------------------------------------------------[m
[[1;31mERROR[m] Failed to execute goal [32morg.apache.maven.plugins:maven-enforcer-plugin:3.5.0:enforce[m [1m(default-cli)[m on project [36mqqwry-spring-boot-starter[m: [1;31m[m
[[1;31mERROR[m] [1;31mRule 0: org.apache.maven.enforcer.rules.version.RequireMavenVersion failed with message:[m
[[1;31mERROR[m] [1;31mYou are running an older version of Maven. This application requires at least Maven 3.9.9.[m
[[1;31mERROR[m] -> [1m[Help 1][m
[[1;31mERROR[m] 
[[1;31mERROR[m] To see the full stack trace of the errors, re-run Maven with the [1m-e[m switch.
[[1;31mERROR[m] Re-run Maven using the [1m-X[m switch to enable full debug logging.
[[1;31mERROR[m] 
[[1;31mERROR[m] For more information about the errors and possible solutions, please read the following articles:
[[1;31mERROR[m] [1m[Help 1][m http://cwiki.apache.org/confluence/display/MAVEN/MojoExecutionException
[qqwry-spring-boot-starter/4.0.x] 失败 - 查看日志
[[1;34mINFO[m] Scanning for projects...
[[1;34mINFO[m] 
[[1;34mINFO[m] [1m------------< [0;36mio.github.hiwepy:qqwry-spring-boot-starter[0;1m >-------------[m
[[1;34mINFO[m] [1mBuilding io.github.hiwepy:qqwry-spring-boot-starter 2.0.1-SNAPSHOT[m
[[1;34mINFO[m] [1m--------------------------------[ jar ]---------------------------------[m
[[1;34mINFO[m] 
[[1;34mINFO[m] [1m--- [0;32mmaven-clean-plugin:3.1.0:clean[m [1m(default-clean)[m @ [36mqqwry-spring-boot-starter[0;1m ---[m
[[1;34mINFO[m] 
[[1;34mINFO[m] [1m--- [0;32mmaven-enforcer-plugin:3.0.0:enforce[m [1m(default-cli)[m @ [36mqqwry-spring-boot-starter[0;1m ---[m
[[1;34mINFO[m] 
[[1;34mINFO[m] [1m--- [0;32mmaven-resources-plugin:3.1.0:resources[m [1m(default-resources)[m @ [36mqqwry-spring-boot-starter[0;1m ---[m
[[1;34mINFO[m] Using 'UTF-8' encoding to copy filtered resources.
[[1;34mINFO[m] Copying 0 resource
[[1;34mINFO[m] Copying 2 resources
[[1;34mINFO[m] 
[[1;34mINFO[m] [1m--- [0;32mmaven-compiler-plugin:3.8.1:compile[m [1m(default-compile)[m @ [36mqqwry-spring-boot-starter[0;1m ---[m
[[1;34mINFO[m] Changes detected - recompiling the module!
[[1;34mINFO[m] Compiling 4 source files to /Users/wandl/workspaces/workspace-ddd4j/workspace-ddd4j-boot-starters/qqwry-spring-boot-starter/target/classes
[[1;34mINFO[m] 
[[1;34mINFO[m] [1m--- [0;32mmaven-resources-plugin:3.1.0:testResources[m [1m(default-testResources)[m @ [36mqqwry-spring-boot-starter[0;1m ---[m
[[1;34mINFO[m] Not copying test resources
[[1;34mINFO[m] 
[[1;34mINFO[m] [1m--- [0;32mmaven-compiler-plugin:3.8.1:testCompile[m [1m(default-testCompile)[m @ [36mqqwry-spring-boot-starter[0;1m ---[m
[[1;34mINFO[m] Not compiling test sources
[[1;34mINFO[m] 
[[1;34mINFO[m] [1m--- [0;32mmaven-surefire-plugin:2.22.1:test[m [1m(default-test)[m @ [36mqqwry-spring-boot-starter[0;1m ---[m
[[1;34mINFO[m] Tests are skipped.
[[1;34mINFO[m] 
[[1;34mINFO[m] [1m--- [0;32mmaven-jar-plugin:3.1.1:jar[m [1m(default-jar)[m @ [36mqqwry-spring-boot-starter[0;1m ---[m
[[1;34mINFO[m] Building jar: /Users/wandl/workspaces/workspace-ddd4j/workspace-ddd4j-boot-starters/qqwry-spring-boot-starter/target/qqwry-spring-boot-starter-2.0.1-SNAPSHOT.jar
[[1;34mINFO[m] 
[[1;34mINFO[m] [1m--- [0;32mmaven-source-plugin:3.2.1:jar-no-fork[m [1m(attach-sources)[m @ [36mqqwry-spring-boot-starter[0;1m ---[m
[[1;34mINFO[m] Building jar: /Users/wandl/workspaces/workspace-ddd4j/workspace-ddd4j-boot-starters/qqwry-spring-boot-starter/target/qqwry-spring-boot-starter-2.0.1-SNAPSHOT-sources.jar
[[1;34mINFO[m] 
[[1;34mINFO[m] [1m--- [0;32mmaven-install-plugin:2.5.2:install[m [1m(default-install)[m @ [36mqqwry-spring-boot-starter[0;1m ---[m
[[1;34mINFO[m] Installing /Users/wandl/workspaces/workspace-ddd4j/workspace-ddd4j-boot-starters/qqwry-spring-boot-starter/target/qqwry-spring-boot-starter-2.0.1-SNAPSHOT.jar to /Users/wandl/.m2/repository/com/github/hiwepy/qqwry-spring-boot-starter/2.0.1-SNAPSHOT/qqwry-spring-boot-starter-2.0.1-SNAPSHOT.jar
[[1;34mINFO[m] Installing /Users/wandl/workspaces/workspace-ddd4j/workspace-ddd4j-boot-starters/qqwry-spring-boot-starter/pom.xml to /Users/wandl/.m2/repository/com/github/hiwepy/qqwry-spring-boot-starter/2.0.1-SNAPSHOT/qqwry-spring-boot-starter-2.0.1-SNAPSHOT.pom
[[1;34mINFO[m] Installing /Users/wandl/workspaces/workspace-ddd4j/workspace-ddd4j-boot-starters/qqwry-spring-boot-starter/target/qqwry-spring-boot-starter-2.0.1-SNAPSHOT-sources.jar to /Users/wandl/.m2/repository/com/github/hiwepy/qqwry-spring-boot-starter/2.0.1-SNAPSHOT/qqwry-spring-boot-starter-2.0.1-SNAPSHOT-sources.jar
[[1;34mINFO[m] 
[[1;34mINFO[m] [1m--- [0;32mmaven-deploy-plugin:2.8.2:deploy[m [1m(default-deploy)[m @ [36mqqwry-spring-boot-starter[0;1m ---[m
[[1;34mINFO[m] Using alternate deployment repository maven-snapshots::default::https://packages.aliyun.com/5fdc0afd99b59ba3c5ead757/maven/maven-snapshots
Downloading from maven-snapshots: https://packages.aliyun.com/5fdc0afd99b59ba3c5ead757/maven/maven-snapshots/com/github/hiwepy/qqwry-spring-boot-starter/2.0.1-SNAPSHOT/maven-metadata.xml
Uploading to maven-snapshots: https://packages.aliyun.com/5fdc0afd99b59ba3c5ead757/maven/maven-snapshots/com/github/hiwepy/qqwry-spring-boot-starter/2.0.1-SNAPSHOT/qqwry-spring-boot-starter-2.0.1-20260316.061031-1.jar
Progress (1): 0.1/5.4 MB
Progress (1): 0.1/5.4 MB
Progress (1): 0.2/5.4 MB
Progress (1): 0.2/5.4 MB
Progress (1): 0.3/5.4 MB
Progress (1): 0.3/5.4 MB
Progress (1): 0.4/5.4 MB
Progress (1): 0.4/5.4 MB
Progress (1): 0.5/5.4 MB
Progress (1): 0.5/5.4 MB
Progress (1): 0.6/5.4 MB
Progress (1): 0.6/5.4 MB
Progress (1): 0.7/5.4 MB
Progress (1): 0.7/5.4 MB
Progress (1): 0.8/5.4 MB
Progress (1): 0.9/5.4 MB
Progress (1): 0.9/5.4 MB
Progress (1): 1.0/5.4 MB
Progress (1): 1.0/5.4 MB
Progress (1): 1.1/5.4 MB
Progress (1): 1.1/5.4 MB
Progress (1): 1.2/5.4 MB
Progress (1): 1.2/5.4 MB
Progress (1): 1.3/5.4 MB
Progress (1): 1.3/5.4 MB
Progress (1): 1.4/5.4 MB
Progress (1): 1.4/5.4 MB
Progress (1): 1.5/5.4 MB
Progress (1): 1.5/5.4 MB
Progress (1): 1.6/5.4 MB
Progress (1): 1.7/5.4 MB
Progress (1): 1.7/5.4 MB
Progress (1): 1.8/5.4 MB
Progress (1): 1.8/5.4 MB
Progress (1): 1.9/5.4 MB
Progress (1): 1.9/5.4 MB
Progress (1): 2.0/5.4 MB
Progress (1): 2.0/5.4 MB
Progress (1): 2.1/5.4 MB
Progress (1): 2.1/5.4 MB
Progress (1): 2.2/5.4 MB
Progress (1): 2.2/5.4 MB
Progress (1): 2.3/5.4 MB
Progress (1): 2.3/5.4 MB
Progress (1): 2.4/5.4 MB
Progress (1): 2.4/5.4 MB
Progress (1): 2.5/5.4 MB
Progress (1): 2.6/5.4 MB
Progress (1): 2.6/5.4 MB
Progress (1): 2.7/5.4 MB
Progress (1): 2.7/5.4 MB
Progress (1): 2.8/5.4 MB
Progress (1): 2.8/5.4 MB
Progress (1): 2.9/5.4 MB
Progress (1): 2.9/5.4 MB
Progress (1): 3.0/5.4 MB
Progress (1): 3.0/5.4 MB
Progress (1): 3.1/5.4 MB
Progress (1): 3.1/5.4 MB
Progress (1): 3.2/5.4 MB
Progress (1): 3.2/5.4 MB
Progress (1): 3.3/5.4 MB
Progress (1): 3.4/5.4 MB
Progress (1): 3.4/5.4 MB
Progress (1): 3.5/5.4 MB
Progress (1): 3.5/5.4 MB
Progress (1): 3.6/5.4 MB
Progress (1): 3.6/5.4 MB
Progress (1): 3.7/5.4 MB
Progress (1): 3.7/5.4 MB
Progress (1): 3.8/5.4 MB
Progress (1): 3.8/5.4 MB
Progress (1): 3.9/5.4 MB
Progress (1): 3.9/5.4 MB
Progress (1): 4.0/5.4 MB
Progress (1): 4.0/5.4 MB
Progress (1): 4.1/5.4 MB
Progress (1): 4.2/5.4 MB
Progress (1): 4.2/5.4 MB
Progress (1): 4.3/5.4 MB
Progress (1): 4.3/5.4 MB
Progress (1): 4.4/5.4 MB
Progress (1): 4.4/5.4 MB
Progress (1): 4.5/5.4 MB
Progress (1): 4.5/5.4 MB
Progress (1): 4.6/5.4 MB
Progress (1): 4.6/5.4 MB
Progress (1): 4.7/5.4 MB
Progress (1): 4.7/5.4 MB
Progress (1): 4.8/5.4 MB
Progress (1): 4.8/5.4 MB
Progress (1): 4.9/5.4 MB
Progress (1): 5.0/5.4 MB
Progress (1): 5.0/5.4 MB
Progress (1): 5.1/5.4 MB
Progress (1): 5.1/5.4 MB
Progress (1): 5.2/5.4 MB
Progress (1): 5.2/5.4 MB
Progress (1): 5.3/5.4 MB
Progress (1): 5.3/5.4 MB
Progress (1): 5.4/5.4 MB
Progress (1): 5.4 MB    
                    
Uploaded to maven-snapshots: https://packages.aliyun.com/5fdc0afd99b59ba3c5ead757/maven/maven-snapshots/com/github/hiwepy/qqwry-spring-boot-starter/2.0.1-SNAPSHOT/qqwry-spring-boot-starter-2.0.1-20260316.061031-1.jar (5.4 MB at 2.7 MB/s)
Uploading to maven-snapshots: https://packages.aliyun.com/5fdc0afd99b59ba3c5ead757/maven/maven-snapshots/com/github/hiwepy/qqwry-spring-boot-starter/2.0.1-SNAPSHOT/qqwry-spring-boot-starter-2.0.1-20260316.061031-1.pom
Progress (1): 4.1/17 kB
Progress (1): 8.2/17 kB
Progress (1): 12/17 kB 
Progress (1): 16/17 kB
Progress (1): 17 kB   
                   
Uploaded to maven-snapshots: https://packages.aliyun.com/5fdc0afd99b59ba3c5ead757/maven/maven-snapshots/com/github/hiwepy/qqwry-spring-boot-starter/2.0.1-SNAPSHOT/qqwry-spring-boot-starter-2.0.1-20260316.061031-1.pom (17 kB at 12 kB/s)
Downloading from maven-snapshots: https://packages.aliyun.com/5fdc0afd99b59ba3c5ead757/maven/maven-snapshots/com/github/hiwepy/qqwry-spring-boot-starter/maven-metadata.xml
Uploading to maven-snapshots: https://packages.aliyun.com/5fdc0afd99b59ba3c5ead757/maven/maven-snapshots/com/github/hiwepy/qqwry-spring-boot-starter/2.0.1-SNAPSHOT/maven-metadata.xml
Progress (1): 792 B
                   
Uploaded to maven-snapshots: https://packages.aliyun.com/5fdc0afd99b59ba3c5ead757/maven/maven-snapshots/com/github/hiwepy/qqwry-spring-boot-starter/2.0.1-SNAPSHOT/maven-metadata.xml (792 B at 657 B/s)
Uploading to maven-snapshots: https://packages.aliyun.com/5fdc0afd99b59ba3c5ead757/maven/maven-snapshots/com/github/hiwepy/qqwry-spring-boot-starter/maven-metadata.xml
Progress (1): 302 B
                   
Uploaded to maven-snapshots: https://packages.aliyun.com/5fdc0afd99b59ba3c5ead757/maven/maven-snapshots/com/github/hiwepy/qqwry-spring-boot-starter/maven-metadata.xml (302 B at 293 B/s)
Uploading to maven-snapshots: https://packages.aliyun.com/5fdc0afd99b59ba3c5ead757/maven/maven-snapshots/com/github/hiwepy/qqwry-spring-boot-starter/2.0.1-SNAPSHOT/qqwry-spring-boot-starter-2.0.1-20260316.061031-1-sources.jar
Progress (1): 0.1/5.4 MB
Progress (1): 0.1/5.4 MB
Progress (1): 0.2/5.4 MB
Progress (1): 0.2/5.4 MB
Progress (1): 0.3/5.4 MB
Progress (1): 0.3/5.4 MB
Progress (1): 0.4/5.4 MB
Progress (1): 0.4/5.4 MB
Progress (1): 0.5/5.4 MB
Progress (1): 0.5/5.4 MB
Progress (1): 0.6/5.4 MB
Progress (1): 0.6/5.4 MB
Progress (1): 0.7/5.4 MB
Progress (1): 0.7/5.4 MB
Progress (1): 0.8/5.4 MB
Progress (1): 0.9/5.4 MB
Progress (1): 0.9/5.4 MB
Progress (1): 1.0/5.4 MB
Progress (1): 1.0/5.4 MB
Progress (1): 1.1/5.4 MB
Progress (1): 1.1/5.4 MB
Progress (1): 1.2/5.4 MB
Progress (1): 1.2/5.4 MB
Progress (1): 1.3/5.4 MB
Progress (1): 1.3/5.4 MB
Progress (1): 1.4/5.4 MB
Progress (1): 1.4/5.4 MB
Progress (1): 1.5/5.4 MB
Progress (1): 1.5/5.4 MB
Progress (1): 1.6/5.4 MB
Progress (1): 1.7/5.4 MB
Progress (1): 1.7/5.4 MB
Progress (1): 1.8/5.4 MB
Progress (1): 1.8/5.4 MB
Progress (1): 1.9/5.4 MB
Progress (1): 1.9/5.4 MB
Progress (1): 2.0/5.4 MB
Progress (1): 2.0/5.4 MB
Progress (1): 2.1/5.4 MB
Progress (1): 2.1/5.4 MB
Progress (1): 2.2/5.4 MB
Progress (1): 2.2/5.4 MB
Progress (1): 2.3/5.4 MB
Progress (1): 2.3/5.4 MB
Progress (1): 2.4/5.4 MB
Progress (1): 2.4/5.4 MB
Progress (1): 2.5/5.4 MB
Progress (1): 2.6/5.4 MB
Progress (1): 2.6/5.4 MB
Progress (1): 2.7/5.4 MB
Progress (1): 2.7/5.4 MB
Progress (1): 2.8/5.4 MB
Progress (1): 2.8/5.4 MB
Progress (1): 2.9/5.4 MB
Progress (1): 2.9/5.4 MB
Progress (1): 3.0/5.4 MB
Progress (1): 3.0/5.4 MB
Progress (1): 3.1/5.4 MB
Progress (1): 3.1/5.4 MB
Progress (1): 3.2/5.4 MB
Progress (1): 3.2/5.4 MB
Progress (1): 3.3/5.4 MB
Progress (1): 3.4/5.4 MB
Progress (1): 3.4/5.4 MB
Progress (1): 3.5/5.4 MB
Progress (1): 3.5/5.4 MB
Progress (1): 3.6/5.4 MB
Progress (1): 3.6/5.4 MB
Progress (1): 3.7/5.4 MB
Progress (1): 3.7/5.4 MB
Progress (1): 3.8/5.4 MB
Progress (1): 3.8/5.4 MB
Progress (1): 3.9/5.4 MB
Progress (1): 3.9/5.4 MB
Progress (1): 4.0/5.4 MB
Progress (1): 4.0/5.4 MB
Progress (1): 4.1/5.4 MB
Progress (1): 4.2/5.4 MB
Progress (1): 4.2/5.4 MB
Progress (1): 4.3/5.4 MB
Progress (1): 4.3/5.4 MB
Progress (1): 4.4/5.4 MB
Progress (1): 4.4/5.4 MB
Progress (1): 4.5/5.4 MB
Progress (1): 4.5/5.4 MB
Progress (1): 4.6/5.4 MB
Progress (1): 4.6/5.4 MB
Progress (1): 4.7/5.4 MB
Progress (1): 4.7/5.4 MB
Progress (1): 4.8/5.4 MB
Progress (1): 4.8/5.4 MB
Progress (1): 4.9/5.4 MB
Progress (1): 5.0/5.4 MB
Progress (1): 5.0/5.4 MB
Progress (1): 5.1/5.4 MB
Progress (1): 5.1/5.4 MB
Progress (1): 5.2/5.4 MB
Progress (1): 5.2/5.4 MB
Progress (1): 5.3/5.4 MB
Progress (1): 5.3/5.4 MB
Progress (1): 5.4/5.4 MB
Progress (1): 5.4 MB    
                    
Uploaded to maven-snapshots: https://packages.aliyun.com/5fdc0afd99b59ba3c5ead757/maven/maven-snapshots/com/github/hiwepy/qqwry-spring-boot-starter/2.0.1-SNAPSHOT/qqwry-spring-boot-starter-2.0.1-20260316.061031-1-sources.jar (5.4 MB at 2.6 MB/s)
Uploading to maven-snapshots: https://packages.aliyun.com/5fdc0afd99b59ba3c5ead757/maven/maven-snapshots/com/github/hiwepy/qqwry-spring-boot-starter/2.0.1-SNAPSHOT/maven-metadata.xml
Progress (1): 1.0 kB
                    
Uploaded to maven-snapshots: https://packages.aliyun.com/5fdc0afd99b59ba3c5ead757/maven/maven-snapshots/com/github/hiwepy/qqwry-spring-boot-starter/2.0.1-SNAPSHOT/maven-metadata.xml (1.0 kB at 1.1 kB/s)
[[1;34mINFO[m] [1m------------------------------------------------------------------------[m
[[1;34mINFO[m] [1;32mBUILD SUCCESS[m
[[1;34mINFO[m] [1m------------------------------------------------------------------------[m
[[1;34mINFO[m] Total time:  10.967 s
[[1;34mINFO[m] Finished at: 2026-03-16T14:10:40+08:00
[[1;34mINFO[m] [1m------------------------------------------------------------------------[m
[qqwry-spring-boot-starter/master] 成功
